Microchip MPLAB XC8 Compiler V2.00 ()

Linker command line:

-W-3 --edf=C:\Program Files (x86)\Microchip\xc8\v2.00\pic\dat\en_msgs.txt \
  -cs -h+dist/default/production\Sensor_DHT22.X.production.sym \
  --cmf=dist/default/production\Sensor_DHT22.X.production.cmf -z -Q16F887 \
  -oC:\Users\20184318\AppData\Local\Temp\sdh4.2 \
  -Mdist/default/production/Sensor_DHT22.X.production.map -E1 -ver=XC8 \
  --acfsm=1493 -ASTACK=0110h-016fh -pstack=STACK -ACODE=00h-07FFhx4 \
  -ASTRCODE=00h-01FFFh -ASTRING=00h-0FFhx32 -ACONST=00h-0FFhx32 \
  -AENTRY=00h-0FFhx32 -ACOMMON=070h-07Fh -ABANK0=020h-06Fh \
  -ABANK1=0A0h-0EFh -ABANK2=0110h-016Fh -ABANK3=0190h-01EFh \
  -ARAM=020h-06Fh,0A0h-0EFh,0110h-016Fh,0190h-01EFh \
  -AABS1=020h-07Fh,0A0h-0EFh,0110h-016Fh,0190h-01EFh -ASFR0=00h-01Fh \
  -ASFR1=080h-09Fh -ASFR2=0100h-010Fh -ASFR3=0180h-018Fh \
  -preset_vec=00h,intentry,init,end_init -ppowerup=CODE -pcinit=CODE \
  -pfunctab=ENTRY -ACONFIG=02007h-02008h -pconfig=CONFIG -DCONFIG=2 \
  -AIDLOC=02000h-02003h -pidloc=IDLOC -DIDLOC=2 -AEEDATA=00h-0FFh/02100h \
  -peeprom_data=EEDATA -DEEDATA=2 -DCODE=2 -DSTRCODE=2 -DSTRING=2 -DCONST=2 \
  -DENTRY=2 -k C:\Users\20184318\AppData\Local\Temp\sdh4.o \
  dist/default/production\Sensor_DHT22.X.production.o 

Object code version is 3.11

Machine type is 16F887



                Name                               Link     Load   Length Selector   Space Scale
C:\Users\20184318\AppData\Local\Temp\sdh4.o
                end_init                              0        0        3        0       0
                config                             2007     2007        2     400E       0
dist/default/production\Sensor_DHT22.X.production.o
                cinit                               7F3      7F3        D      FE6       0
                text14                              274      274       10      4E8       0
                text13                              45F      45F       71      8BE       0
                text12                              2BF      2BF       28      57E       0
                text11                              55B      55B       C4      AB6       0
                text10                              2A8      2A8       17      550       0
                text9                               4D0      4D0       8B      9A0       0
                text8                               350      350       3F      6A0       0
                text7                               38F      38F       63      71E       0
                text6                               31A      31A       36      634       0
                text5                               295      295       13      52A       0
                text4                               61F      61F       EA      C3E       0
                text3                               2E7      2E7       33      5CE       0
                text2                               3F2      3F2       6D      7E4       0
                text1                               284      284       11      508       0
                maintext                            709      709       EA      E12       0
                cstackBANK0                          20       20       14       20       1
                cstackCOMMON                         70       70        D       70       1
                bssBANK0                             34       34        7       20       1
                strings                               3        3       38        6       0

TOTAL           Name                               Link     Load   Length     Space
        CLASS   STACK          

        CLASS   CODE           
                end_init                              0        0        3         0
                cinit                               7F3      7F3        D         0
                text14                              274      274       10         0
                text13                              45F      45F       71         0
                text12                              2BF      2BF       28         0
                text11                              55B      55B       C4         0
                text10                              2A8      2A8       17         0
                text9                               4D0      4D0       8B         0
                text8                               350      350       3F         0
                text7                               38F      38F       63         0
                text6                               31A      31A       36         0
                text5                               295      295       13         0
                text4                               61F      61F       EA         0
                text3                               2E7      2E7       33         0
                text2                               3F2      3F2       6D         0
                text1                               284      284       11         0
                maintext                            709      709       EA         0

        CLASS   STRCODE        

        CLASS   STRING         
                strings                               3        3       38         0

        CLASS   CONST          

        CLASS   ENTRY          

        CLASS   COMMON         
                cstackCOMMON                         70       70        D         1

        CLASS   BANK0          
                cstackBANK0                          20       20       14         1
                bssBANK0                             34       34        7         1

        CLASS   BANK1          

        CLASS   BANK2          

        CLASS   BANK3          

        CLASS   RAM            

        CLASS   ABS1           
                abs_s1                               7E       7E        2         1

        CLASS   SFR0           

        CLASS   SFR1           

        CLASS   SFR2           

        CLASS   SFR3           

        CLASS   CONFIG         
                config                             2007     2007        2         0

        CLASS   IDLOC          

        CLASS   EEDATA         



SEGMENTS        Name                           Load    Length   Top    Selector   Space  Class     Delta

                reset_vec                      000000  000003  000003         0       0  CODE        2
                strings                        000003  000038  00003B         6       0  STRING      2
                cstackBANK0                    000020  00001B  00003B        20       1  BANK0       1
                cstackCOMMON                   000070  00000D  00007D        70       1  COMMON      1
                text14                         000274  000010  000284       4E8       0  CODE        2
                text1                          000284  000011  000295       508       0  CODE        2
                text5                          000295  000013  0002A8       52A       0  CODE        2
                text10                         0002A8  000017  0002BF       550       0  CODE        2
                text12                         0002BF  000028  0002E7       57E       0  CODE        2
                text3                          0002E7  000033  00031A       5CE       0  CODE        2
                text6                          00031A  000036  000350       634       0  CODE        2
                text8                          000350  00003F  00038F       6A0       0  CODE        2
                text7                          00038F  000063  0003F2       71E       0  CODE        2
                text2                          0003F2  00006D  00045F       7E4       0  CODE        2
                text13                         00045F  000071  0004D0       8BE       0  CODE        2
                text9                          0004D0  00008B  00055B       9A0       0  CODE        2
                text11                         00055B  0000C4  00061F       AB6       0  CODE        2
                text4                          00061F  0000EA  000709       C3E       0  CODE        2
                maintext                       000709  0000EA  0007F3       E12       0  CODE        2
                cinit                          0007F3  00000D  000800       FE6       0  CODE        2
                config                         002007  000002  002009      400E       0  CONFIG      2


UNUSED ADDRESS RANGES

        Name                Unused          Largest block    Delta
        BANK0            003B-006F             35           1
        BANK1            00A0-00EF             50           1
        BANK2            0110-016F             60           1
        BANK3            0190-01EF             60           1
        CODE             003B-0273            239           2
                         0800-1FFF            800
        COMMON           007D-007D              1           1
        CONST            003B-0273            100           2
                         0800-1FFF            100
        EEDATA           2100-21FF            100           2
        ENTRY            003B-0273            100           2
                         0800-1FFF            100
        IDLOC            2000-2003              4           2
        RAM              003B-006F             35           1
                         00A0-00EF             50
                         0110-016F             60
                         0190-01EF             60
        SFR0             0000-001F             20           1
        SFR1             0080-009F             20           1
        SFR2             0100-010F             10           1
        SFR3             0180-018F             10           1
        STACK            0110-016F             60           1
        STRCODE          003B-0273            239           2
                         0800-1FFF           1800
        STRING           003B-0273            100           2
                         0800-1FFF            100

                                  Symbol Table

?___awdiv                cstackCOMMON 0070
?___awmod                cstackCOMMON 0070
?___wmul                 cstackCOMMON 0070
_ANSELH                  (abs)        0189
_OPTION_REGbits          (abs)        0081
_PORTB                   (abs)        0006
_PORTD                   (abs)        0008
_PORTDbits               (abs)        0008
_TRISB                   (abs)        0086
_TRISDbits               (abs)        0088
_WPUB                    (abs)        0095
__CFG_BOR4V$BOR40V       (abs)        0000
__CFG_BOREN$OFF          (abs)        0000
__CFG_CP$OFF             (abs)        0000
__CFG_CPD$OFF            (abs)        0000
__CFG_FCMEN$OFF          (abs)        0000
__CFG_FOSC$HS            (abs)        0000
__CFG_IESO$OFF           (abs)        0000
__CFG_LVP$OFF            (abs)        0000
__CFG_MCLRE$OFF          (abs)        0000
__CFG_PWRTE$OFF          (abs)        0000
__CFG_WDTE$OFF           (abs)        0000
__CFG_WRT$OFF            (abs)        0000
__Habs1                  abs1         0000
__Hbank0                 bank0        0000
__Hbank1                 bank1        0000
__Hbank2                 bank2        0000
__Hbank3                 bank3        0000
__HbssBANK0              bssBANK0     0000
__Hcinit                 cinit        0800
__Hclrtext               clrtext      0000
__Hcode                  code         0000
__Hcommon                common       0000
__Hconfig                config       2009
__HcstackBANK0           cstackBANK0  0000
__HcstackCOMMON          cstackCOMMON 0000
__Heeprom_data           eeprom_data  0000
__Hend_init              end_init     0003
__Hfunctab               functab      0000
__Hidloc                 idloc        0000
__Hinit                  init         0000
__Hintentry              intentry     0000
__Hmaintext              maintext     0000
__Hpowerup               powerup      0000
__Hram                   ram          0000
__Hreset_vec             reset_vec    0000
__Hsfr0                  sfr0         0000
__Hsfr1                  sfr1         0000
__Hsfr2                  sfr2         0000
__Hsfr3                  sfr3         0000
__Hspace_0               (abs)        2009
__Hspace_1               (abs)        007D
__Hspace_2               (abs)        0000
__Hspace_3               (abs)        0000
__Hstack                 stack        0000
__Hstrings               strings      0000
__Htext                  text         0000
__Labs1                  abs1         0000
__Lbank0                 bank0        0000
__Lbank1                 bank1        0000
__Lbank2                 bank2        0000
__Lbank3                 bank3        0000
__LbssBANK0              bssBANK0     0000
__Lcinit                 cinit        07F3
__Lclrtext               clrtext      0000
__Lcode                  code         0000
__Lcommon                common       0000
__Lconfig                config       2007
__LcstackBANK0           cstackBANK0  0000
__LcstackCOMMON          cstackCOMMON 0000
__Leeprom_data           eeprom_data  0000
__Lend_init              end_init     0000
__Lfunctab               functab      0000
__Lidloc                 idloc        0000
__Linit                  init         0000
__Lintentry              intentry     0000
__Lmaintext              maintext     0000
__Lpowerup               powerup      0000
__Lram                   ram          0000
__Lreset_vec             reset_vec    0000
__Lsfr0                  sfr0         0000
__Lsfr1                  sfr1         0000
__Lsfr2                  sfr2         0000
__Lsfr3                  sfr3         0000
__Lspace_0               (abs)        0000
__Lspace_1               (abs)        0000
__Lspace_2               (abs)        0000
__Lspace_3               (abs)        0000
__Lstack                 stack        0000
__Lstrings               strings      0000
__Ltext                  text         0000
__S0                     (abs)        2009
__S1                     (abs)        007D
__S2                     (abs)        0000
__S3                     (abs)        0000
___awdiv                 text13       045F
___awdiv@counter         cstackCOMMON 0075
___awdiv@dividend        cstackCOMMON 0072
___awdiv@divisor         cstackCOMMON 0070
___awdiv@quotient        cstackCOMMON 0077
___awdiv@sign            cstackCOMMON 0076
___awmod                 text7        038F
___awmod@counter         cstackCOMMON 0075
___awmod@dividend        cstackCOMMON 0072
___awmod@divisor         cstackCOMMON 0070
___awmod@sign            cstackCOMMON 0076
___int_sp                stack        0000
___latbits               (abs)        0002
___sp                    stack        0000
___wmul                  text12       02BF
___wmul@multiplicand     cstackCOMMON 0072
___wmul@multiplier       cstackCOMMON 0070
___wmul@product          cstackCOMMON 0074
__end_of___awdiv         text13       04D0
__end_of___awmod         text7        03F2
__end_of___wmul          text12       02E7
__end_of__initialization cinit        07FC
__end_of__stringtab      strings      0009
__end_of_delay           text10       02BF
__end_of_dht_read        text14       0284
__end_of_edit            text11       061F
__end_of_lcd_dataReg     text6        0350
__end_of_lcd_init        text8        038F
__end_of_lcd_instReg     text9        055B
__end_of_lcd_lincol      text5        02A8
__end_of_lcd_num         text4        0709
__end_of_lcd_print       text3        031A
__end_of_main            maintext     07F3
__end_of_teclado         text2        045F
__end_of_tecladoMatriz   strings      0019
__end_of_teclado_init    text1        0295
__end_ofmain@string      strings      0027
__initialization         cinit        07F3
__pbssBANK0              bssBANK0     0034
__pcstackBANK0           cstackBANK0  0020
__pcstackCOMMON          cstackCOMMON 0070
__pmaintext              maintext     0709
__pstrings               strings      0003
__ptext1                 text1        0284
__ptext10                text10       02A8
__ptext11                text11       055B
__ptext12                text12       02BF
__ptext13                text13       045F
__ptext14                text14       0274
__ptext2                 text2        03F2
__ptext3                 text3        02E7
__ptext4                 text4        061F
__ptext5                 text5        0295
__ptext6                 text6        031A
__ptext7                 text7        038F
__ptext8                 text8        0350
__ptext9                 text9        04D0
__size_of___awdiv        (abs)        0000
__size_of___awmod        (abs)        0000
__size_of___wmul         (abs)        0000
__size_of_delay          (abs)        0000
__size_of_dht_read       (abs)        0000
__size_of_edit           (abs)        0000
__size_of_lcd_dataReg    (abs)        0000
__size_of_lcd_init       (abs)        0000
__size_of_lcd_instReg    (abs)        0000
__size_of_lcd_lincol     (abs)        0000
__size_of_lcd_num        (abs)        0000
__size_of_lcd_print      (abs)        0000
__size_of_main           (abs)        0000
__size_of_teclado        (abs)        0000
__size_of_teclado_init   (abs)        0000
__stringbase             strings      0008
__stringtab              strings      0003
_delay                   text10       02A8
_dht_read                text14       0274
_edit                    text11       055B
_lcd_dataReg             text6        031A
_lcd_init                text8        0350
_lcd_instReg             text9        04D0
_lcd_lincol              text5        0295
_lcd_num                 text4        061F
_lcd_print               text3        02E7
_main                    maintext     0709
_sensor                  bssBANK0     0037
_teclaAnt                bssBANK0     0036
_teclado                 text2        03F2
_tecladoMatriz           strings      0009
_teclado_init            text1        0284
btemp                    (abs)        007E
delay@t                  cstackCOMMON 0070
dht_read@ptr             cstackCOMMON 0071
edit@aux                 cstackBANK0  0027
edit@delete              cstackBANK0  0021
edit@max                 cstackBANK0  0025
edit@menos               cstackBANK0  0022
edit@min                 cstackBANK0  0023
edit@ptr_edit            cstackBANK0  002B
edit@tecla               cstackBANK0  0020
end_of_initialization    cinit        07FC
intlevel0                functab      0000
intlevel1                functab      0000
intlevel2                functab      0000
intlevel3                functab      0000
intlevel4                functab      0000
intlevel5                functab      0000
lcd_dataReg@d            cstackCOMMON 0072
lcd_instReg@i            cstackCOMMON 0072
lcd_lincol@col           cstackCOMMON 0073
lcd_lincol@lin           cstackCOMMON 0075
lcd_num@col              cstackCOMMON 0079
lcd_num@div              cstackBANK0  0026
lcd_num@lin              cstackBANK0  0023
lcd_num@num              cstackCOMMON 007A
lcd_num@sinal            cstackBANK0  0025
lcd_num@size             cstackBANK0  0024
lcd_num@tam              cstackCOMMON 007C
lcd_print@col            cstackCOMMON 0076
lcd_print@lin            cstackCOMMON 007A
lcd_print@pos            cstackCOMMON 0079
lcd_print@str            cstackCOMMON 0077
main@fases               cstackBANK0  0031
main@num                 cstackBANK0  0032
main@string              strings      0019
main@tecla               cstackBANK0  0030
reset_vec                reset_vec    0000
stackhi                  (abs)        0000
stacklo                  (abs)        0000
start                    init         0000
start_initialization     cinit        07F3
teclado@aux              cstackCOMMON 0077
teclado@c                cstackCOMMON 0079
teclado@l                cstackCOMMON 0078
wtemp0                   (abs)        007E


FUNCTION INFORMATION:

 *************** function _main *****************
 Defined at:
		line 11 in file "main.c"
 Parameters:    Size  Location     Type
		None
 Auto vars:     Size  Location     Type
  fases           1   17[BANK0 ] unsigned char 
  num             2   18[BANK0 ] int 
  tecla           1   16[BANK0 ] unsigned char 
 Return value:  Size  Location     Type
                  1    wreg      void 
 Registers used:
		wreg, fsr0l, fsr0h, status,2, status,0, btemp+1, pclath, cstack
 Tracked objects:
		On entry : 
		On exit  : 
		Unchanged: 
 Data sizes:     COMMON   BANK0   BANK1   BANK3   BANK2
      Params:         0       0       0       0       0
      Locals:         0       4       0       0       0
      Temps:          0       4       0       0       0
      Totals:         0       8       0       0       0
Total ram usage:        8 bytes
 Hardware stack levels required when called:    3
 This function calls:
		_delay
		_dht_read
		_edit
		_lcd_init
		_lcd_num
		_lcd_print
		_teclado
		_teclado_init
 This function is called by:
		Startup code after reset
 This function uses a non-reentrant model


 *************** function _teclado_init *****************
 Defined at:
		line 9 in file "teclado.c"
 Parameters:    Size  Location     Type
		None
 Auto vars:     Size  Location     Type
		None
 Return value:  Size  Location     Type
                  1    wreg      void 
 Registers used:
		wreg, status,2
 Tracked objects:
		On entry : 
		On exit  : 
		Unchanged: 
 Data sizes:     COMMON   BANK0   BANK1   BANK3   BANK2
      Params:         0       0       0       0       0
      Locals:         0       0       0       0       0
      Temps:          0       0       0       0       0
      Totals:         0       0       0       0       0
Total ram usage:        0 bytes
 Hardware stack levels used:    1
 This function calls:
		Nothing
 This function is called by:
		_main
 This function uses a non-reentrant model


 *************** function _teclado *****************
 Defined at:
		line 23 in file "teclado.c"
 Parameters:    Size  Location     Type
		None
 Auto vars:     Size  Location     Type
  c               1    9[COMMON] unsigned char 
  l               1    8[COMMON] unsigned char 
  aux             1    7[COMMON] unsigned char 
 Return value:  Size  Location     Type
                  1    wreg      unsigned char 
 Registers used:
		wreg, fsr0l, fsr0h, status,2, status,0, pclath
 Tracked objects:
		On entry : 
		On exit  : 
		Unchanged: 
 Data sizes:     COMMON   BANK0   BANK1   BANK3   BANK2
      Params:         0       0       0       0       0
      Locals:         3       0       0       0       0
      Temps:          7       0       0       0       0
      Totals:        10       0       0       0       0
Total ram usage:       10 bytes
 Hardware stack levels used:    2
 This function calls:
		Nothing
 This function is called by:
		_main
 This function uses a non-reentrant model


 *************** function _lcd_print *****************
 Defined at:
		line 156 in file "lcd.c"
 Parameters:    Size  Location     Type
  lin             1    wreg     unsigned char 
  col             1    6[COMMON] unsigned char 
  str             1    7[COMMON] PTR const unsigned char 
		 -> STR_2(15), STR_1(5), main@string(14), 
 Auto vars:     Size  Location     Type
  lin             1   10[COMMON] unsigned char 
  pos             1    9[COMMON] unsigned char 
 Return value:  Size  Location     Type
                  1    wreg      void 
 Registers used:
		wreg, fsr0l, fsr0h, status,2, status,0, pclath, cstack
 Tracked objects:
		On entry : 
		On exit  : 
		Unchanged: 
 Data sizes:     COMMON   BANK0   BANK1   BANK3   BANK2
      Params:         2       0       0       0       0
      Locals:         2       0       0       0       0
      Temps:          1       0       0       0       0
      Totals:         5       0       0       0       0
Total ram usage:        5 bytes
 Hardware stack levels used:    1
 Hardware stack levels required when called:    2
 This function calls:
		_lcd_dataReg
		_lcd_lincol
 This function is called by:
		_main
 This function uses a non-reentrant model


 *************** function _lcd_num *****************
 Defined at:
		line 178 in file "lcd.c"
 Parameters:    Size  Location     Type
  lin             1    wreg     unsigned char 
  col             1    9[COMMON] unsigned char 
  num             2   10[COMMON] int 
  tam             1   12[COMMON] unsigned char 
 Auto vars:     Size  Location     Type
  lin             1    3[BANK0 ] unsigned char 
  div             2    6[BANK0 ] int 
  sinal           1    5[BANK0 ] unsigned char 
  size            1    4[BANK0 ] unsigned char 
 Return value:  Size  Location     Type
                  1    wreg      void 
 Registers used:
		wreg, status,2, status,0, btemp+1, pclath, cstack
 Tracked objects:
		On entry : 
		On exit  : 
		Unchanged: 
 Data sizes:     COMMON   BANK0   BANK1   BANK3   BANK2
      Params:         4       0       0       0       0
      Locals:         0       5       0       0       0
      Temps:          0       3       0       0       0
      Totals:         4       8       0       0       0
Total ram usage:       12 bytes
 Hardware stack levels used:    1
 Hardware stack levels required when called:    2
 This function calls:
		___awdiv
		___awmod
		_lcd_dataReg
		_lcd_lincol
 This function is called by:
		_main
 This function uses a non-reentrant model


 *************** function _lcd_lincol *****************
 Defined at:
		line 111 in file "lcd.c"
 Parameters:    Size  Location     Type
  lin             1    wreg     unsigned char 
  col             1    3[COMMON] unsigned char 
 Auto vars:     Size  Location     Type
  lin             1    5[COMMON] unsigned char 
 Return value:  Size  Location     Type
                  1    wreg      void 
 Registers used:
		wreg, status,2, status,0, pclath, cstack
 Tracked objects:
		On entry : 
		On exit  : 
		Unchanged: 
 Data sizes:     COMMON   BANK0   BANK1   BANK3   BANK2
      Params:         1       0       0       0       0
      Locals:         1       0       0       0       0
      Temps:          1       0       0       0       0
      Totals:         3       0       0       0       0
Total ram usage:        3 bytes
 Hardware stack levels used:    1
 Hardware stack levels required when called:    1
 This function calls:
		_lcd_instReg
 This function is called by:
		_lcd_print
		_lcd_num
 This function uses a non-reentrant model


 *************** function _lcd_dataReg *****************
 Defined at:
		line 93 in file "lcd.c"
 Parameters:    Size  Location     Type
  d               1    wreg     unsigned char 
 Auto vars:     Size  Location     Type
  d               1    2[COMMON] unsigned char 
 Return value:  Size  Location     Type
                  1    wreg      void 
 Registers used:
		wreg, status,2, status,0
 Tracked objects:
		On entry : 
		On exit  : 
		Unchanged: 
 Data sizes:     COMMON   BANK0   BANK1   BANK3   BANK2
      Params:         0       0       0       0       0
      Locals:         1       0       0       0       0
      Temps:          2       0       0       0       0
      Totals:         3       0       0       0       0
Total ram usage:        3 bytes
 Hardware stack levels used:    1
 This function calls:
		Nothing
 This function is called by:
		_lcd_print
		_lcd_num
 This function uses a non-reentrant model


 *************** function ___awmod *****************
 Defined at:
		line 5 in file "C:\Program Files (x86)\Microchip\xc8\v2.00\pic\sources\c90\common\awmod.c"
 Parameters:    Size  Location     Type
  divisor         2    0[COMMON] int 
  dividend        2    2[COMMON] int 
 Auto vars:     Size  Location     Type
  sign            1    6[COMMON] unsigned char 
  counter         1    5[COMMON] unsigned char 
 Return value:  Size  Location     Type
                  2    0[COMMON] int 
 Registers used:
		wreg, status,2, status,0
 Tracked objects:
		On entry : 
		On exit  : 
		Unchanged: 
 Data sizes:     COMMON   BANK0   BANK1   BANK3   BANK2
      Params:         4       0       0       0       0
      Locals:         2       0       0       0       0
      Temps:          1       0       0       0       0
      Totals:         7       0       0       0       0
Total ram usage:        7 bytes
 Hardware stack levels used:    1
 This function calls:
		Nothing
 This function is called by:
		_lcd_num
 This function uses a non-reentrant model


 *************** function _lcd_init *****************
 Defined at:
		line 121 in file "lcd.c"
 Parameters:    Size  Location     Type
		None
 Auto vars:     Size  Location     Type
		None
 Return value:  Size  Location     Type
                  1    wreg      void 
 Registers used:
		wreg, status,2, status,0, pclath, cstack
 Tracked objects:
		On entry : 
		On exit  : 
		Unchanged: 
 Data sizes:     COMMON   BANK0   BANK1   BANK3   BANK2
      Params:         0       0       0       0       0
      Locals:         0       0       0       0       0
      Temps:          0       0       0       0       0
      Totals:         0       0       0       0       0
Total ram usage:        0 bytes
 Hardware stack levels used:    1
 Hardware stack levels required when called:    1
 This function calls:
		_delay
		_lcd_instReg
 This function is called by:
		_main
 This function uses a non-reentrant model


 *************** function _lcd_instReg *****************
 Defined at:
		line 58 in file "lcd.c"
 Parameters:    Size  Location     Type
  i               1    wreg     unsigned char 
 Auto vars:     Size  Location     Type
  i               1    2[COMMON] unsigned char 
 Return value:  Size  Location     Type
                  1    wreg      void 
 Registers used:
		wreg, status,2, status,0
 Tracked objects:
		On entry : 
		On exit  : 
		Unchanged: 
 Data sizes:     COMMON   BANK0   BANK1   BANK3   BANK2
      Params:         0       0       0       0       0
      Locals:         1       0       0       0       0
      Temps:          2       0       0       0       0
      Totals:         3       0       0       0       0
Total ram usage:        3 bytes
 Hardware stack levels used:    1
 This function calls:
		Nothing
 This function is called by:
		_lcd_lincol
		_lcd_init
		_lcd_clr
 This function uses a non-reentrant model


 *************** function _delay *****************
 Defined at:
		line 12 in file "delay.c"
 Parameters:    Size  Location     Type
  t               2    0[COMMON] unsigned int 
 Auto vars:     Size  Location     Type
		None
 Return value:  Size  Location     Type
                  1    wreg      void 
 Registers used:
		wreg, status,2, status,0
 Tracked objects:
		On entry : 
		On exit  : 
		Unchanged: 
 Data sizes:     COMMON   BANK0   BANK1   BANK3   BANK2
      Params:         2       0       0       0       0
      Locals:         0       0       0       0       0
      Temps:          1       0       0       0       0
      Totals:         3       0       0       0       0
Total ram usage:        3 bytes
 Hardware stack levels used:    1
 This function calls:
		Nothing
 This function is called by:
		_lcd_init
		_main
 This function uses a non-reentrant model


 *************** function _edit *****************
 Defined at:
		line 8 in file "editnum.c"
 Parameters:    Size  Location     Type
  ptr_edit        1    wreg     PTR int 
		 -> main@num(2), 
  tecla           1    0[BANK0 ] unsigned char 
  delete          1    1[BANK0 ] unsigned char 
  menos           1    2[BANK0 ] unsigned char 
  min             2    3[BANK0 ] unsigned int 
  max             2    5[BANK0 ] unsigned int 
 Auto vars:     Size  Location     Type
  ptr_edit        1   11[BANK0 ] PTR int 
		 -> main@num(2), 
  aux             4    7[BANK0 ] long 
 Return value:  Size  Location     Type
                  1    wreg      void 
 Registers used:
		wreg, fsr0l, fsr0h, status,2, status,0, btemp+1, pclath, cstack
 Tracked objects:
		On entry : 
		On exit  : 
		Unchanged: 
 Data sizes:     COMMON   BANK0   BANK1   BANK3   BANK2
      Params:         0       7       0       0       0
      Locals:         0       5       0       0       0
      Temps:          4       0       0       0       0
      Totals:         4      12       0       0       0
Total ram usage:       16 bytes
 Hardware stack levels used:    1
 Hardware stack levels required when called:    1
 This function calls:
		___awdiv
		___wmul
 This function is called by:
		_main
 This function uses a non-reentrant model


 *************** function ___wmul *****************
 Defined at:
		line 15 in file "C:\Program Files (x86)\Microchip\xc8\v2.00\pic\sources\c90\common\Umul16.c"
 Parameters:    Size  Location     Type
  multiplier      2    0[COMMON] unsigned int 
  multiplicand    2    2[COMMON] unsigned int 
 Auto vars:     Size  Location     Type
  product         2    4[COMMON] unsigned int 
 Return value:  Size  Location     Type
                  2    0[COMMON] unsigned int 
 Registers used:
		wreg, status,2, status,0
 Tracked objects:
		On entry : 
		On exit  : 
		Unchanged: 
 Data sizes:     COMMON   BANK0   BANK1   BANK3   BANK2
      Params:         4       0       0       0       0
      Locals:         2       0       0       0       0
      Temps:          0       0       0       0       0
      Totals:         6       0       0       0       0
Total ram usage:        6 bytes
 Hardware stack levels used:    1
 This function calls:
		Nothing
 This function is called by:
		_edit
 This function uses a non-reentrant model


 *************** function ___awdiv *****************
 Defined at:
		line 5 in file "C:\Program Files (x86)\Microchip\xc8\v2.00\pic\sources\c90\common\awdiv.c"
 Parameters:    Size  Location     Type
  divisor         2    0[COMMON] int 
  dividend        2    2[COMMON] int 
 Auto vars:     Size  Location     Type
  quotient        2    7[COMMON] int 
  sign            1    6[COMMON] unsigned char 
  counter         1    5[COMMON] unsigned char 
 Return value:  Size  Location     Type
                  2    0[COMMON] int 
 Registers used:
		wreg, status,2, status,0
 Tracked objects:
		On entry : 
		On exit  : 
		Unchanged: 
 Data sizes:     COMMON   BANK0   BANK1   BANK3   BANK2
      Params:         4       0       0       0       0
      Locals:         4       0       0       0       0
      Temps:          1       0       0       0       0
      Totals:         9       0       0       0       0
Total ram usage:        9 bytes
 Hardware stack levels used:    1
 This function calls:
		Nothing
 This function is called by:
		_edit
		_lcd_num
 This function uses a non-reentrant model


 *************** function _dht_read *****************
 Defined at:
		line 19 in file "dht.c"
 Parameters:    Size  Location     Type
  ptr             1    wreg     PTR struct .
		 -> sensor(4), 
 Auto vars:     Size  Location     Type
  ptr             1    1[COMMON] PTR struct .
		 -> sensor(4), 
 Return value:  Size  Location     Type
                  1    wreg      void 
 Registers used:
		wreg, fsr0l, fsr0h, status,2, status,0
 Tracked objects:
		On entry : 
		On exit  : 
		Unchanged: 
 Data sizes:     COMMON   BANK0   BANK1   BANK3   BANK2
      Params:         0       0       0       0       0
      Locals:         1       0       0       0       0
      Temps:          1       0       0       0       0
      Totals:         2       0       0       0       0
Total ram usage:        2 bytes
 Hardware stack levels used:    1
 This function calls:
		Nothing
 This function is called by:
		_main
 This function uses a non-reentrant model



MODULE INFORMATION

Module		Function		Class		Link	Load	Size
dht.c
		_dht_read      		CODE           	0274	0000	17

dht.c estimated size: 17

delay.c
		_delay         		CODE           	02A8	0000	24

delay.c estimated size: 24

C:\Program Files (x86)\Microchip\xc8\v2.00\pic\sources\c90\common\awmod.c
		___awmod       		CODE           	038F	0000	100

C:\Program Files (x86)\Microchip\xc8\v2.00\pic\sources\c90\common\awmod.c estimated size: 100

editnum.c
		_edit          		CODE           	055B	0000	197

editnum.c estimated size: 197

teclado.c
		_teclado       		CODE           	03F2	0000	110
		_teclado_init  		CODE           	0284	0000	18

teclado.c estimated size: 128

C:\Program Files (x86)\Microchip\xc8\v2.00\pic\sources\c90\common\Umul16.c
		___wmul        		CODE           	02BF	0000	41

C:\Program Files (x86)\Microchip\xc8\v2.00\pic\sources\c90\common\Umul16.c estimated size: 41

C:\Program Files (x86)\Microchip\xc8\v2.00\pic\sources\c90\common\awdiv.c
		___awdiv       		CODE           	045F	0000	114

C:\Program Files (x86)\Microchip\xc8\v2.00\pic\sources\c90\common\awdiv.c estimated size: 114

shared
		__stringtab    		STRING         	0003	0000	7
		__initialization		CODE           	07F3	0000	10
		_tecladoMatriz 		STRING         	0009	0000	17
		main@string    		STRING         	0019	0000	15

shared estimated size: 49

lcd.c
		_lcd_lincol    		CODE           	0295	0000	20
		_lcd_dataReg   		CODE           	031A	0000	55
		_lcd_print     		CODE           	02E7	0000	52
		_lcd_instReg   		CODE           	04D0	0000	140
		_lcd_init      		CODE           	0350	0000	64
		_lcd_num       		CODE           	061F	0000	235

lcd.c estimated size: 566

main.c
		_main          		CODE           	0709	0000	235

main.c estimated size: 235

